电点	双梦	五毒	毒姐	一代金,蝶金,鸡金,考金,猴红,鸡红,蓝娃娃,粉人面,红年轮,中秋,红舞步,桑海,红玫瑰	0	剑三交易吧	电五双梦出恶人毒姐	https://tieba.baidu.com/p/5508907580	1	好胸呀你i	2018-01-08 21:29	双梦恶人毒姐一代金蝶鸡考金猴鸡红三白五黑发，捏脸17，蓝娃娃粉人面红年轮粉中秋红舞步桑海高烛蓝九壤元旦衣服青盒子可cos多门派（	6200出...
电点	剑胆	明教	喵姐	七红,猴金	0	剑三交易吧	【出/收白菜号】50-250的白菜号精力号装备号放这里吧030	https://tieba.baidu.com/p/4842768098	150	alaxon	2016-11-02 08:59	剑胆出个七红猴金双披风喵姐	...双披风喵姐
电点	双梦	纯阳	咩萝	兔子	0	剑三交易吧	【出/收白菜号】50-250的白菜号精力号装备号放这里吧030	https://tieba.baidu.com/p/4842768098	178	闻雨	2016-11-02 20:27	双梦出个咩萝，气纯w5剑纯w4，有一紫风华倾国成衣和一兔子黑发，	...黑发，马是龙子，包里还有w3多的金，400+的图谱，25h的点卡，210出卖个外观钱和点卡钱
电点	双梦	纯阳	咩萝	兔子	0	剑三交易吧	【出/收白菜号】50-250的白菜号精力号装备号放这里吧030	https://tieba.baidu.com/p/4842768098	182	闻雨	2016-11-02 21:46	双梦出个咩萝，气纯w5剑纯w4，有一紫风华倾国成衣和一兔子黑发，	...黑发，马是龙子，神农专精，包里还有w3多的金，400+的图谱，25h的点卡，210出卖个外观钱和点卡钱
电月	电六	万花	花萝	狐金	550	剑三交易吧	【无代售五七万歌】换售寻号专帖	https://tieba.baidu.com/p/5280130256	5	樱桃水晶肉	2017-08-19 16:51	电六白板狐金花萝55	...花萝550出
电点	双梦	七秀	秀姐	狐金	0	剑三交易吧	【无代售五七万歌】换售寻号专帖	https://tieba.baidu.com/p/5280130256	14	15shu	2017-08-19 17:26	双梦狐金粉白菜孔雀披风秀姐	出...粉白菜孔雀披风秀姐
--		五毒	毒姐	桑海,考金,鸡金	2800	剑三交易吧	【无代售五七万歌】换售寻号专帖	https://tieba.baidu.com/p/5280130256	17	棒棒锤哦	2017-08-19 17:32	桑海黑天涯高考金鸡金脚气马夜话白鹭pve奶2w1，毒经2w，pvp奶1.85的毒姐，2k8可刀。	出个情阅青盒子...脚气马夜话白鹭pve奶2w1，毒经2w，pvp奶1.85的毒姐，2k8可刀。
--		五毒	毒姐	桑海,考金,鸡金	2800	剑三交易吧	【无代售五七万歌】换售寻号专帖	https://tieba.baidu.com/p/5280130256	18	棒棒锤哦	2017-08-19 17:32	桑海黑天涯高考金鸡金脚气马夜话白鹭pve奶2w1，毒经2w，pvp奶1.85的毒姐，2k8可刀。	出个情阅青盒子...脚气马夜话白鹭pve奶2w1，毒经2w，pvp奶1.85的毒姐，2k8可刀。
电点	电点	七秀	秀姐	狐金	0	剑三交易吧	【无代售五七万歌】换售寻号专帖	https://tieba.baidu.com/p/5280130256	21	L叶子酱	2017-08-19 19:13	电点的秀姐，3位数—1K左右，要有狐金兰	收一个...兰庭
电点	姨妈	七秀	秀太	蝶金,鸡金,重风	0	剑三交易吧	【无代售五七万歌】换售寻号专帖	https://tieba.baidu.com/p/5280130256	23	疏石兰兮为羽	2017-08-19 19:33	姨妈浩气蝶金鸡金重风一白发一成衣一拓印，积分2300，点卡100+秀太，还	楼主好人600可刀...一白发一成衣一拓印，积分2300，点卡100+秀太，还有一次免费改名
电点	电五	五毒	毒萝	狐金	1000	剑三交易吧	【无代售五七万歌】换售寻号专帖	https://tieba.baidu.com/p/5280130256	28	万年纯洁	2017-08-19 19:52	电五收个有狐金的琴／秀／毒萝，预算1k左右！	...的琴／秀／毒萝，预算1k左右！(///▽///)
电点	花钱	五毒	毒姐	鸡红	0	剑三交易吧	【无代售五七万歌】换售寻号专帖	https://tieba.baidu.com/p/5280130256	34	傻2蹭	2017-08-19 20:19	华乾出毒姐，鸡红和一套外观和一个武器拓印，	...和一套外观和一个武器拓印，两个捏脸，有个吃货 还有一个正在养的麟驹，宠物有个大公鸡，商城那个。补天w8。自己代价吧我也不知道该多少钱
电点	唯满侠	七秀	秀姐	粉娃娃	0	剑三交易吧	【无代售五七万歌】换售寻号专帖	https://tieba.baidu.com/p/5280130256	41	有几把的仙女	2017-08-19 21:07	唯满侠粉娃娃秀姐	...秀姐
电点	花钱	五毒	毒姐	猴红,猴金,蝶金,鸡金,桑海,白玫瑰,白莲花,狐金	0	剑三交易吧	【无代售五七万歌】换售寻号专帖	https://tieba.baidu.com/p/5280130256	46	玖玖酱	2017-08-19 22:12	【电五华乾】情阅/猴红猴金蝶金鸡金2白/粉兰亭桑海品玉5时装/白莲花5w1资历里飞沙黑脚气12奇趣pvp/pve双修毒姐3300出或换【狐金青盒子琴萝/	【...娃娃菜加分】可补差
--		七秀	秀萝	绿不欺	0	剑三交易吧	【无代售五七万歌】换售寻号专帖	https://tieba.baidu.com/p/5280130256	46	玖玖酱	2017-08-19 22:12	/秀萝，萝莉体型绿不期娃娃菜加分】	【...娃娃菜加分】可补差
电点	双梦	五毒	毒姐	紫封川,前欢,重风,鸡金,蝶金,考金,白莲花	0	剑三交易吧	【无代售五七万歌】换售寻号专帖	https://tieba.baidu.com/p/5280130256	47	时时	2017-08-19 22:15	双梦出pvp双修紫封川水云寒前欢重风黑重天紫天涯叽金蝶金考金白莲花脚气马毒姐	...脚气马毒姐
--		万花	花萝	蓝盒	0	剑三交易吧	绝代出一个狐金道姑	https://tieba.baidu.com/p/5508990705	10	鹤草芽	2018-01-08 22:30	蓝盒子花萝吗	换...子花萝吗
电点	唯满侠	七秀	秀姐	蝶金,鸡红,紫舞步,重风,红玫瑰	0	剑三交易吧	五七万歌奶号都扔进来吧	https://tieba.baidu.com/p/5244346045	4	终极花败麒麟劫	2017-07-26 17:16	唯满侠蝶金鸡红一白三黑紫舞步重风高烛两成衣PVP2w+踏炎一页奇趣飞仙玄晶多挂件亮点秀姐_(:з」∠)_	980出...两成衣PVP2w+踏炎一页奇趣飞仙玄晶多挂件亮点秀姐_(:з」∠)_
电点	电五	七秀	秀萝	狐金,粉娃娃,蓝舞步	0	剑三交易吧	五七万歌奶号都扔进来吧	https://tieba.baidu.com/p/5244346045	16	花萝萝	2017-07-26 17:56	电五狐金粉娃娃蓝舞步秀萝	...秀萝
电点	双梦	七秀	秀姐	鸡金	0	剑三交易吧	五七万歌奶号都扔进来吧	https://tieba.baidu.com/p/5244346045	26	花谷娇妻	2017-07-26 20:39	双梦恶人鸡金兰亭脚气马秀姐!还	740出...兰亭脚气马秀姐!还有其他外观东西还比较多
电月	电月	五毒	毒萝	五红,狐金	0	剑三交易吧	五七万歌奶号都扔进来吧	https://tieba.baidu.com/p/5244346045	32	梅梅君	2017-07-26 22:24	电月五红狐金多外观毒萝4	...多外观毒萝4k
电点	唯满侠	七秀	秀姐	蝶金,鸡红,紫舞步,重风,红玫瑰	0	剑三交易吧	五七万歌奶号都扔进来吧	https://tieba.baidu.com/p/5244346045	33	终极花败麒麟劫	2017-07-26 22:28	唯满侠蝶金鸡红一白三黑紫舞步重风高烛两成衣PVP2w+踏炎一页奇趣飞仙玄晶多挂件亮点秀姐_(:з」∠)_	980出...两成衣PVP2w+踏炎一页奇趣飞仙玄晶多挂件亮点秀姐_(:з」∠)_
电点	唯满侠	七秀	秀萝	喵金	0	剑三交易吧	五七万歌奶号都扔进来吧	https://tieba.baidu.com/p/5244346045	34	Sue	2017-07-26 22:52	唯满侠pvp奶秀2w 冰心1w8 四成衣一喵金一百发三黑发三捏脸 里飞沙 挂件有小极大毛笔扇子什么的 脸很可爱可以上线看 换一个差不多pvp冰心（秀姐秀萝均可）	...一百发三黑发三捏脸 里飞沙 挂件有小极大毛笔扇子什么的 脸很可爱可以上线看 换一个差不多pvp冰心（秀姐秀萝均可）
电月	电月	七秀	秀姐	狐金	0	剑三交易吧	五七万歌奶号都扔进来吧	https://tieba.baidu.com/p/5244346045	35	安潼	2017-07-26 22:56	电月狐金兰亭年轮秀姐	950出...兰亭年轮秀姐
电点	花钱	七秀	秀姐	鸡金,白娃娃,蓝公主,黄年轮,白无色,白莲花	3900	剑三交易吧	五七万歌奶号都扔进来吧	https://tieba.baidu.com/p/5244346045	42	惟棠	2017-07-26 23:11	【3900干将秀姐】电五华乾/鸡金苏金/白娃娃蓝公主黄年轮粉兰亭白无色七夕盒子/白莲花孔雀盒子披风/	021【3900干将秀姐】...孔雀盒子披风/90大CW干将/3白1黑9成衣6限2披风/4W资历/里飞沙/可重置
电点	姨妈	明教	喵姐	红九曲,鸡金,猴红,狼头	1600	剑三交易吧	急出 华乾琴萝	https://tieba.baidu.com/p/5508148017	17	DieAche	2018-01-08 13:02	【电五姨妈恶人喵姐1k6包分离】红九曲/ 商城成衣*4 /拓印*2页/叽金/猴红/黑*1/3披风暗夜 /狼头/恶人阵营披风/	532【...恶人阵营披风/脚气马/侠客行 /傲岸丹心/pvp 2W18
电点	亢龙	万花	花萝	蝶金,凤香,金陵,紫玫瑰	1500	剑三交易吧	【代做】洛阳擂台成就挂件天字·铭心锤	https://tieba.baidu.com/p/5383888135?fid=11851652	49	鳝丝面	2017-11-05 15:53	【电八亢龙1k5花萝】蝶金凤香蓝金陵流蕴1	555【...1白5成衣双修1w8青盒子披风月华织光
电月	电月	五毒	毒太	鸡金,兔子	1240	剑三交易吧	出小情毒姐(●｀∀´●)	https://tieba.baidu.com/p/5508454792	13	坏掉的小受	2018-01-08 16:29	电月毒太pvp奶毒1240套 水云寒 鸡金瞄金 脚气马 白兔子	...
--		五毒	毒萝	七红	0	剑三交易吧	800以下的号都进来吧！(ﾉ ○ Д ○)ﾉ　	https://tieba.baidu.com/p/4957509424	25	风逝逐溪	2017-01-28 09:56	毒萝，限量白螺母，一黑发一七红，一套拓印，	出蝶服恶人毒萝，限量白螺母，一黑发一...一套拓印，pve补天w7，750可小刀。
--		天策	天策	周年,龙头,周年	31760	剑三交易吧	800以下的号都进来吧！(ﾉ ○ Д ○)ﾉ　	https://tieba.baidu.com/p/4957509424	35	S比	2017-01-28 12:26	：31760 武器：碎魂，天策皇宫特效武器草泥马之枪外观：破军一套，七周年红发，龙头披风，发光武器拓印坐骑：商城脚气马，荻花马具差马头有魁首，充值船 宠物：门派宠物；称号，傲岸；挂件一堆，有周年扇子 	800可刀出...扇子 黄泉
--		五毒	毒萝	七红	0	剑三交易吧	800以下的号都进来吧！(ﾉ ○ Д ○)ﾉ　	https://tieba.baidu.com/p/4957509424	48	风逝逐溪	2017-01-28 14:57	毒萝，限量白螺母，一黑发一七红，pve补天w7，	出蝶服恶人毒萝，限量白螺母，一黑发一...pve补天w7，750可刀。
电点	四合一	丐帮	丐萝	几度春	0	剑三交易吧	800以下的号都进来吧！(ﾉ ○ Д ○)ﾉ　	https://tieba.baidu.com/p/4957509424	51	我的小锯鳄	2017-01-28 15:14	四合一丐萝 装分w7 一黑发一成衣一校服， 马小绿 鸟白凤，	100出...鸟白凤，6.8还在，可换其他萝莉 资料全
电点	姨妈	长歌	歌萝	猴红	0	剑三交易吧	800以下的号都进来吧！(ﾉ ○ Д ○)ﾉ　	https://tieba.baidu.com/p/4957509424	52	一曲将安	2017-01-28 15:14	姨妈服恶人琴萝 一猴红一白发两黑发一套成衣和一套拓印一些散件，	...头饰。没说的算惊喜。资料齐全。500r
--		纯阳	道长	兔子	0	剑三交易吧	800以下的号都进来吧！(ﾉ ○ Д ○)ﾉ　	https://tieba.baidu.com/p/4957509424	52	一曲将安	2017-01-28 15:14	。号下还有一个还在稻香村的道长，一套成衣和兔子头饰。	...头饰。没说的算惊喜。资料齐全。500r
电点	电点	纯阳	咩萝	黑白,蓝不欺,写晖	0	剑三交易吧	出咩萝 电点浩气气纯 夜话蓝黑白路生死判 pve PVP双毕	https://tieba.baidu.com/p/5508896659	1	心心念你	2018-01-08 21:22	咩萝 电点浩气气纯 夜话蓝黑白路生死判 pve PVP双毕业 七夕盒子青盒子蓝不期写晖2金发2红发27黑发 	出咩萝 ...2金发2红发27黑发 大唐白披风 走代售喜欢的联系我
电点	花钱	万花	花萝	星空	10000	剑三交易吧	白菜/积分/小资号/小情号/有限量的都放进来吧！	https://tieba.baidu.com/p/5350199772	18	山川悠邈	2017-10-01 14:04	华乾出一个pvp2.1万的奶花，体型花萝，坐骑里飞沙踏秋，一成衣一黑发一星空披风，	楼主不要删我QAQ...花太500出
--		万花	花太	桑海	500	剑三交易吧	白菜/积分/小资号/小情号/有限量的都放进来吧！	https://tieba.baidu.com/p/5350199772	18	山川悠邈	2017-10-01 14:04	桑海花太50	楼主不要删我QAQ...花太500出
电点	双梦	藏剑	二少	狐金,猴金,黑盒,黄年轮,狼头	0	剑三交易吧	白菜/积分/小资号/小情号/有限量的都放进来吧！	https://tieba.baidu.com/p/5350199772	19	搓默	2017-10-01 14:17	双梦1w出95cw弱水狐金猴金黑盒子3红5金七夕盒子黄年轮舞步5限7非限狼头5披风狼车猛男椅二少	...5披风狼车猛男椅二少
电点	花钱	长歌	歌萝	鸡红	20000	剑三交易吧	白菜/积分/小资号/小情号/有限量的都放进来吧！	https://tieba.baidu.com/p/5350199772	22	绒绒午	2017-10-01 17:03	华乾恶人鸡红琴萝pvp莫问2w	300可刀试出...琴萝pvp莫问2w配装合理，2个15r黑发一成衣两套拓印，有奇趣船，可用捏脸2，双骑龙子战阶12，可刀可刀
电点	花钱	霸刀	刀哥	八红	550	剑三交易吧	白菜/积分/小资号/小情号/有限量的都放进来吧！	https://tieba.baidu.com/p/5350199772	23	not_stupid	2017-10-01 17:04	【550r小秃驴刀爹一体号电五花钱可重置】小秃驴：八红/2白/	A83【550r小秃驴刀爹一体号...1成衣/pvp w9/丹心/山海间
--		霸刀	刀哥	八红	0	剑三交易吧	白菜/积分/小资号/小情号/有限量的都放进来吧！	https://tieba.baidu.com/p/5350199772	23	not_stupid	2017-10-01 17:04	/刀爹：八红/1成衣/	A83【550r小秃驴刀爹一体号...1成衣/pvp w9/丹心/山海间
--		藏剑	叽太	七红,鸡红	0	剑三交易吧	白菜/积分/小资号/小情号/有限量的都放进来吧！	https://tieba.baidu.com/p/5350199772	24	凉薄少年非良人	2017-10-01 17:04	七红鸡红七夕白一成衣叽太可	...七夕白一成衣叽太可重置没装备 送14r通宝 有共战有回归 给钱就出
网月	四海	五毒	毒萝	周年	0	剑三交易吧	白菜/积分/小资号/小情号/有限量的都放进来吧！	https://tieba.baidu.com/p/5350199772	32	尘随马去	2017-10-01 17:29	四海一家毒萝，一黑一成衣一散件拓印，飘雪头像，八周年齐，	出...齐，pvp奶毒2w，pve毒经w8，有黑天，资历2w4
电月	龙虎	五毒	毒萝	一代金,狐金	0	剑三交易吧	白菜/积分/小资号/小情号/有限量的都放进来吧！	https://tieba.baidu.com/p/5350199772	39	绾辞	2017-10-01 19:50	龙虎一代金狐金毒萝，有	出...毒萝，有夜幕
电点	平步	七秀	秀姐	八红	0	剑三交易吧	白菜/积分/小资号/小情号/有限量的都放进来吧！	https://tieba.baidu.com/p/5350199772	42	璃若独白	2017-10-01 21:03	平步恶人八红秀姐，外观蓝九曲，	出个...秀姐，外观蓝九曲，系统脸，装分卖萌资料全，点卡将近70个小时，280出。
--		长歌	歌萝	蝶金,素玉	0	剑三交易吧	白菜/积分/小资号/小情号/有限量的都放进来吧！	https://tieba.baidu.com/p/5350199772	44	千千千叶	2017-10-01 21:11	琴萝 蝶金5黑3白发素玉披风10成衣（	琴萝 ...披风10成衣（5特效水云寒长天舞步封川沐云飞）4页拓印6捏脸 PVPPVE莫问2w
电点	亢龙	五毒	毒姐	蝶金	0	剑三交易吧	白菜/积分/小资号/小情号/有限量的都放进来吧！	https://tieba.baidu.com/p/5350199772	47	死鬼郭炜炜	2017-10-01 22:15	亢龙蝶金黑发2成衣3校服毒姐，站街11，	415出...黑发2成衣3校服毒姐，站街11，pvp奶2w+，
电点	平步	霸刀	刀太	八红,紫玫瑰	300	剑三交易吧	白菜/积分/小资号/小情号/有限量的都放进来吧！	https://tieba.baidu.com/p/5350199772	49	not_stupid	2017-10-01 22:29	【300r刀太电五平步】八红/流蕴/p	A93【300r刀太...pvpw78
网点	纵月	霸刀	刀哥	鸡金,业火	900	剑三交易吧	白菜/积分/小资号/小情号/有限量的都放进来吧！	https://tieba.baidu.com/p/5350199772	50	not_stupid	2017-10-01 22:29	【900r刀爹双一纵月】叽金/3成衣/业火劫/枝妆曲/	A74【900r刀爹...枝妆曲/2捏脸/1武器拓印/左右肩饰各一个/pvp2.2w+/pve2w+
电月	金蛇	纯阳	道长	考金,八红	500	剑三交易吧	白菜/积分/小资号/小情号/有限量的都放进来吧！	https://tieba.baidu.com/p/5350199772	51	not_stupid	2017-10-01 22:29	【500r道长电三金蛇漫舞】考金/八红/1成衣/	A80【500r道长...1成衣/3拓印（一套校服）/丹心傲岸/pvp紫霞2w+
网点	念破	藏剑	叽萝	凤香	0	剑三交易吧	白菜/积分/小资号/小情号/有限量的都放进来吧！	https://tieba.baidu.com/p/5350199772	52	式微式微	2017-10-01 22:55	念破五限谷雨叽萝 蓝色兰庭凤香	...
--		五毒	毒萝	狐金,狐金	0	剑三交易吧	白菜/积分/小资号/小情号/有限量的都放进来吧！	https://tieba.baidu.com/p/5350199772	61	末尾的阳光	2017-10-02 01:36	狐金毒萝。  750出。狐金头像，	蝶服...头像，w9装分，三页拓印，一限量无色舞，没开车但是很好看的那种。
--		天策	军爷	六红,白盒,黑盒	0	剑三交易吧	六红黑金夜斩白黑盒子青盒子军爷	https://tieba.baidu.com/p/5483041981	1	木木酱	2017-12-18 10:35	六红黑金夜斩白黑盒子青盒子军爷	...盒子青盒子军爷
--		丐帮	丐姐	喵金,雪涛	0	剑三交易吧	收丐萝丐萝丐萝     重要的事情说三遍	https://tieba.baidu.com/p/5034833205	17	羲禾	2017-06-16 10:29	喵金白发校服雪涛丐姐，没装备，	380出煎蛋...丐姐，没装备，有装备就不是这个价了
电点	电点	七秀	秀姐	五红,猴红,红盒,红盒	23000	剑三交易吧	收丐萝丐萝丐萝     重要的事情说三遍	https://tieba.baidu.com/p/5034833205	19	木槿小紫菀	2017-06-16 12:12	·电点寒声秀姐·2w3】990品95CW寒声寂影·五猴红一代狐鸡苏金·14时装7限量紫白菜情阅紫风华红盒子·红盒子	【b440·...子披风秀姐
--		丐帮	丐萝	猴金	0	剑三交易吧	收丐萝丐萝丐萝     重要的事情说三遍	https://tieba.baidu.com/p/5034833205	22	南烟酒香	2017-06-29 22:49	猴金丐萝要	青盒子...丐萝要么
--		万花	花姐	重风	0	剑三交易吧	收一个复刻白菜的五七万琴成女白板号！！！qwq	https://tieba.baidu.com/p/5506565674	14	长草夫人	2018-01-08 19:59	重风绿白菜花姐	青盒子...绿白菜花姐
电点	唯满侠	五毒	毒萝	蝶金,喵金,国庆金,新七夕,中秋,中秋盒	0	剑三交易吧	2018新出的白菜号都丢进来吧！！！！	https://tieba.baidu.com/p/5505717189	32	喵帕斯owo	2018-01-06 15:26	唯满侠毒萝3金2白8黑 蝶金喵金国金 新七夕白 中秋蓝白 元宵黑 五限紫白菜 情悦 舞步 七夕盒子 中秋盒子拓印9页 	2333出...子拓印9页 脚气马 pvp奶2w可重置
电点	四合一	七秀	秀姐	白莲花,羽毛	0	剑三交易吧	2018新出的白菜号都丢进来吧！！！！	https://tieba.baidu.com/p/5505717189	40	青山白马过	2018-01-06 15:42	四合一浩气秀姐六成衣三白发三黑发女神金白莲花披风红羽毛和	...和大勺子武器天妒面具三校服有花环奇趣海陆空 主城黑马商城马具 奶装除首饰都1240 冰心混搭w6 只要880
电点	唯满侠	五毒	毒萝	鸡金,桑海	300	剑三交易吧	2018新出的白菜号都丢进来吧！！！！	https://tieba.baidu.com/p/5505717189	43	百合同好会	2018-01-06 15:51	出唯满侠毒萝 鸡金桑海 两校服 两拓印衣服 装分卖萌 30	出...两校服 两拓印衣服 装分卖萌 300可刀
电点	战无	七秀	秀萝	黄娃娃,蓝不欺,紫舞步,猴金,蝶金,鸡红	0	剑三交易吧	2018新出的白菜号都丢进来吧！！！！	https://tieba.baidu.com/p/5505717189	44	刘殇殇	2018-01-06 15:54	战无出浩气黄娃娃蓝不期紫舞步，猴金蝶金叽红，脚气马秀萝。可便宜了买一个吧。	...脚气马秀萝。可便宜了买一个吧。1350急出
电点	唯满侠	长歌	歌萝	八红,喵金,蓝不欺	0	剑三交易吧	1000以下的PVP装备号都丢过来吧	https://tieba.baidu.com/p/5461629404	20	兔子姬	2017-12-02 00:53	唯满侠八红喵金女神金蓝不期阵营14阶披风脚气马琴萝	950...阵营14阶披风脚气马琴萝
电点	姨妈	藏剑	二小姐	鸡金	0	剑三交易吧	1000以下的PVP装备号都丢过来吧	https://tieba.baidu.com/p/5461629404	26	景旧年	2017-12-02 02:12	姨妈二小姐浩气14阶，pvp2w16，鸡金一成衣一披风脚气马，	...一成衣一披风脚气马，资料全可分离 600
电点	姨妈	五毒	毒姐	猴红,鸡红,紫舞步,画卷	1200	剑三交易吧	1000以下的PVP装备号都丢过来吧	https://tieba.baidu.com/p/5461629404	40	老魂锁	2017-12-02 18:52	姨妈 1k2出毒姐 猴红鸡红紫舞步月华画卷披风 	...披风 两捏脸两页拓印PVP奶毒十四阶装分毕业
--		霸刀	刀哥	糖盒,国庆金,喵金	0	剑三交易吧	1000以下的PVP装备号都丢过来吧	https://tieba.baidu.com/p/5461629404	46	君予	2017-12-02 20:56	糖盒子国金喵金刀爹	...刀爹
--		七秀	秀萝	蝶金,考金,国庆金,新七夕	0	剑三交易吧	1000以下的PVP装备号都丢过来吧	https://tieba.baidu.com/p/5461629404	47	H_C_tidewater	2017-12-02 21:09	秀萝：蝶金高考金国金，新七夕盒子，	秀萝：...盒子，里飞沙飞柳，门派套拓印五套左右，江湖套三四套，武器拓印四把，两成衣一白发三个100r黑发，脸型两个好看的，奶秀PVP毕业，pve1w8，冰心pve1w9充消3千多有丹心，今年4月底建的号。
电点	双梦	七秀	秀姐	周年	21000	剑三交易吧	1000以下的PVP装备号都丢过来吧	https://tieba.baidu.com/p/5461629404	50	景依	2017-12-02 22:09	一花圈多校服秀姐。pvp云裳2w1极道魔尊，有大扇子，八周年奖励全，有山海间。双梦恶	550出一成衣一黑一白一红一金三脸型一武器拓印一花圈多校服秀姐。pvp云裳2w1极道魔尊，有大扇子，八周年奖励全，有山海间。...奖励全，有山海间。双梦恶人
电点	唯满侠	丐帮	丐哥	狐金,八红	0	剑三交易吧	1000以下的PVP装备号都丢过来吧	https://tieba.baidu.com/p/5461629404	56	向陽之國	2017-12-02 23:33	唯满侠狐金八红一白发4成衣脚气马pvp毕业丐哥，其他没说的当惊喜。	1550...一白发4成衣脚气马pvp毕业丐哥，其他没说的当惊喜。有三四张男神捏脸，都不烂大街，名字也好听。可直接重置。不刀，走代售你出手续费，什么都不包。慢出不急，不要跑到我评论下面diss号价。觉得贵了你可以不问不看不买。
--		万花	花萝	蝶金,兔子,兔子	0	剑三交易吧	1000以下的PVP装备号都丢过来吧	https://tieba.baidu.com/p/5461629404	61	兔子姬	2017-12-03 05:38	蝶金婚纱白发兔子披风珠盏白兔兔花萝	出个...花萝
电点	姨妈	苍云	盾娘	猴红,猴红	0	剑三交易吧	1000以下的PVP装备号都丢过来吧	https://tieba.baidu.com/p/5461629404	71	赤司大老婆	2017-12-03 13:12	，出姨妈浩气猴红盾娘，pvp2w pve2w1 t1w95，猴红一白发一成衣一黑发，	求不吞，出...一白发一成衣一黑发，资历3w，拓印一页多，两奇趣一个抄书奇遇，飘花头像丹心山海间罗伞毛笔节日挂件飞狐头像，冲销3000，有体服资格，资料齐全不可重置，450
--		五毒	毒姐	唯满,鸡金,宴陵,新七夕	1000	剑三交易吧	1000以下的PVP装备号都丢过来吧	https://tieba.baidu.com/p/5461629404	75	叶不羞	2017-12-03 23:18	出唯满浩气毒姐pvppve奶2w+pve毒经w8叽金老白发宴陵一成衣新七夕盒子拓印好几页。。。没说当惊喜价格1k	出...盒子拓印好几页。。。没说当惊喜价格1k可刀
--		五毒	毒萝	国庆金,粉娃娃	20000	剑三交易吧	1000以下的PVP装备号都丢过来吧	https://tieba.baidu.com/p/5461629404	90	鸢枯柩	2017-12-04 20:07	国金粉娃娃披风毒萝 PVP2w+	出...披风毒萝 PVP2w+能直接上手玩。 1k出头出。 送不绑定激活码。
--		苍云	盾娘	狐金	0	剑三交易吧	蓝盒子花萝换个dps号	https://tieba.baidu.com/p/5506304501	4	唐吉可德的瘦马	2018-01-06 22:47	狐金盾娘呢	...盾娘呢
--		万花	花萝	蓝盒,蓝无色,写晖,鸡金,喵金,蝶金,考金,猴红,叽红,中秋,小蝴蝶	0	剑三交易吧	蓝盒子花萝换个dps号	https://tieba.baidu.com/p/5506304501	7	鹤草芽	2018-01-06 22:48	蓝盒子蓝无色写晖玫瑰鸡喵蝶考金猴叽红中秋蓝白花萝 还有个轻功小蝴蝶披	...披风
电点	电点	霸刀	刀娘	猴红	0	剑三交易吧	500左右的账号放进来吧	https://tieba.baidu.com/p/5344470556	17	何处不灬流风	2017-09-27 16:46	电点收个猴红刀娘	...刀娘
电月	红尘	--		蝶金,鸡金,雪涛,蓝无色	0	剑三交易吧	500左右的账号放进来吧	https://tieba.baidu.com/p/5344470556	27	白瓷温酒	2017-09-27 18:42	红尘蝶金鸡金雪涛蓝无色里	...里飞沙踏秋二商城成衣二武器拓印散件校服pvp奶秀2wpve冰心2w可直接重置800原价出
电点	花钱	七秀	秀萝	喵金	0	剑三交易吧	500左右的账号放进来吧	https://tieba.baidu.com/p/5344470556	67	蓝川夜潋	2017-09-28 00:23	:华乾秀萝1喵金1	:...1白发1限量蓝九曲3成衣，
--		五毒	毒姐	考金,八红,周年	750	剑三交易吧	500左右的账号放进来吧	https://tieba.baidu.com/p/5344470556	68	顷过	2017-09-28 00:39	出一个恶人pvp毒姐，id好听，捏脸好看，考金八红，2黑发，乌蹄抱月，一奇趣，八周年全套，750不刀，	出一个恶人pvp毒姐，id好听，捏脸好看，...全套，750不刀，分离可重置，必须分离！必须分离！必须分离！爽快包一半分离
--		唐门	唐门	喵金	200	剑三交易吧	500左右的账号放进来吧	https://tieba.baidu.com/p/5344470556	71	废巷懒喵c	2017-09-28 01:01	，号下还有个满级唐门，有回归，200，或者拿喵金换。	出个喵萝t，t2w+，焚影w8+，...换。可补差
--		五毒	毒萝	狐金	0	剑三交易吧	【白菜号】价钱皆适宜，b数在心中	https://tieba.baidu.com/p/5338779880	119	号被盗了I	2017-09-24 17:02	狐金大幺蛾子披风一成衣一黑发两页拓印一武器拓印毒萝	750出...大幺蛾子披风一成衣一黑发两页拓印一武器拓印毒萝
电点	千岛	七秀	秀姐	鸡红,七红	0	剑三交易吧	【白菜号】价钱皆适宜，b数在心中	https://tieba.baidu.com/p/5338779880	132	五仙教	2017-09-24 18:38	鸡红七红四黑一白里飞沙无证秀姐电五千岛湖	600出七成衣鸡红七红四黑一白里飞沙无证秀姐...四黑一白里飞沙无证秀姐电五千岛湖！多小惊喜！！！十句话内敲定包一半转服！！！！
电点	平步	七秀	秀姐	八红	0	剑三交易吧	【白菜号】价钱皆适宜，b数在心中	https://tieba.baidu.com/p/5338779880	137	璃若独白	2017-09-24 19:23	平步恶人八红秀姐，外观蓝九曲，	出个...秀姐，外观蓝九曲，系统脸，装分卖萌资料全，点卡将近70个小时，280出。
--		长歌	歌萝	蓝娃娃,一代金,蝶金	0	剑三交易吧	【白菜号】价钱皆适宜，b数在心中	https://tieba.baidu.com/p/5338779880	142	猫软萌	2017-09-24 21:25	蓝娃娃菜不期琴萝。1k5内.一代金蝶金加	蹲...加分
电月	电一	藏剑	叽萝	桑海	0	剑三交易吧	【白菜号】价钱皆适宜，b数在心中	https://tieba.baidu.com/p/5338779880	143	海狸	2017-09-24 21:29	电一水云寒桑海苏金叽萝1	出...苏金叽萝180
电点	四合一	丐帮	丐萝	喵金	0	剑三交易吧	【白菜号】价钱皆适宜，b数在心中	https://tieba.baidu.com/p/5338779880	152	小太阳阿边氏	2017-09-24 23:01	四合一喵金校服丐萝2	出...校服丐萝230
电点	唯满侠	五毒	毒萝	七红,喵金	0	剑三交易吧	收个300r以下的白菜号	https://tieba.baidu.com/p/5278713498	9	军事委员副会长	2017-08-18 19:05	唯满侠毒萝 七红 喵金 一黑一白一成衣 	350出...一黑一白一成衣 三捏脸 装分pvp2w ´•ﻌ•`
电点	花钱	五毒	毒太	7红,叽红	0	剑三交易吧	收个300r以下的白菜号	https://tieba.baidu.com/p/5278713498	27	在下顾阿咎	2017-08-18 23:37	华乾出补天毒太W7叽红	...红黑发时装三张捏脸可上号查看骗子绕道谢谢
网点	纵月	七秀	秀萝	鸡金	0	剑三交易吧	收个300r以下的白菜号	https://tieba.baidu.com/p/5278713498	45	璃若独白	2017-08-19 09:09	纵月的水云寒叽金秀萝，有90小cw，	出个...秀萝，有90小cw，包里9k金，七个六级28个五级，有宠物小刺。积分1k，pvp奶秀w8。有琉璃灯和秋千。
网点	纵月	七秀	秀萝	鸡金	0	剑三交易吧	收个300r以下的白菜号	https://tieba.baidu.com/p/5278713498	65	璃若独白	2017-08-19 16:04	纵月的水云寒叽金秀萝，有90小cw，	出个...秀萝，有90小cw，包里9k金，七个六级28个五级，有宠物小刺。积分1k，pvp奶秀w8。有琉璃灯和秋千。
--		七秀	秀姐	蓝舞步	0	剑三交易吧	出出出秀姐，蓝舞步三修	https://tieba.baidu.com/p/5507076034?fid=11851652	1	阴阳两界	2018-01-07 16:16	秀姐，蓝舞步三	出出出秀姐，...三修
电点	花钱	五毒	毒哥	六红,鸡金,喵金,考金,国金,粉人面,蓝娃娃,黑年轮	11500	剑三交易吧	出出出秀姐，蓝舞步三修	https://tieba.baidu.com/p/5507076034?fid=11851652	19	如四月溪	2018-01-08 16:09	【电五华乾毒哥1w15】六红鸡喵考国金粉人面白蓝娃娃黑年轮二	1162【...二代七夕青唐盒子金鱼二代蓝天辉6披风狼车珠盏
--		苍云	盾萝	考金	0	剑三交易吧	【慢收】收一个有高考金的丐萝/	https://tieba.baidu.com/p/5303789840	1	暮晨夕景	2017-09-03 10:40	】收一个有高考金的丐萝/盾萝的	【慢收】收一个有高考金的丐萝/...的丐萝/盾萝的白菜号
电点	双梦	丐帮	丐萝	一代金	0	剑三交易吧	【慢收】收一个有高考金的丐萝/	https://tieba.baidu.com/p/5303789840	12	道长	2017-09-03 20:20	双梦一代金娃娃菜丐萝	出...娃娃菜丐萝
电点	花钱	明教	喵姐	猴红,猴红,西宫	0	剑三交易吧	「证件丢失的各种账号集中贴」	https://tieba.baidu.com/p/5303861631	9	无名x小氏	2017-09-03 12:03	华乾出无证猴红喵姐，猴红苏曼莎黑发五套校服大圣须须熊猫面馆，	...须须熊猫面馆，pvp焚影w8，300出，玩了很久挺安全的
网月	网月	七秀	秀萝	一代粉	688	剑三交易吧	「证件丢失的各种账号集中贴」	https://tieba.baidu.com/p/5303861631	26	自古天卦幸运E	2017-09-03 17:05	双线点卡一代粉二代粉三代黑情人枕五限白螺母秀萝68	...二代粉三代黑情人枕五限白螺母秀萝688马椅子，无证2000。可换差不多的无证号
电点	亢龙	明教	喵哥	黑盒	1200	剑三交易吧	「证件丢失的各种账号集中贴」	https://tieba.baidu.com/p/5303861631	45	君山桃花始盛开	2017-09-04 00:51	黑盒子喵哥，1200把，很白班电八亢龙的，	无证黑盒子喵哥，1200把，很白班...子喵哥，1200把，很白班电八亢龙的，深圳本地优先。这样你会觉得安全啊卖给你再请你吃饭
电点	姨妈	--		鸡红,白无色	0	剑三交易吧	「证件丢失的各种账号集中贴」	https://tieba.baidu.com/p/5303861631	48	浅浅浅浅歌	2017-09-04 01:29	姨妈鸡红1白发两商城成衣一白无色紫	1. ...紫
电点	双梦	五毒	毒太	猴金,猴红	0	剑三交易吧	「证件丢失的各种账号集中贴」	https://tieba.baidu.com/p/5303861631	54	会开飞机的兔子	2017-09-04 11:19	 出双梦毒太 猴金猴红白发 	出号 对不起原号主 买来没时间玩 出...白发 两成衣两拓印 一武器拓印 龙子商城马具 奶毒装分2万1 jjc11段 原价650 现在600（自刀50）无证介意别来
电月	红尘	五毒	毒萝	蝶金,鸡红	0	剑三交易吧	「证件丢失的各种账号集中贴」	https://tieba.baidu.com/p/5303861631	55	我不是二叽	2017-09-04 11:36	蝶金鸡红3白发4成衣多拓印侠客行红尘丹心傲岸毒萝4	...3白发4成衣多拓印侠客行红尘丹心傲岸毒萝4年老号
--		五毒	毒姐	雪涛,鸡红,鹏程	0	剑三交易吧	「证件丢失的各种账号集中贴」	https://tieba.baidu.com/p/5303861631	65	忘痴TO	2017-09-04 14:54	 雪涛，校服一套和拓印  脚气马，马具，鸡红 多宠物奇遇 有奇趣坐骑   账号里鹏程还有一毒姐有	出秀姐 雪涛，校服一套和拓印  脚气马，马具，鸡红 多宠物奇遇 有奇趣坐骑   账号里鹏程还有一...还有一毒姐有一甲也是多奇遇冲销马
电点	亢龙	霸刀	刀萝	喵金,国庆金,红玫瑰	20000	剑三交易吧	300r左右的号都丢进来吧。	https://tieba.baidu.com/p/5508965627	23	超可爱的清酒	2018-01-08 23:02	电八亢龙刀萝喵金国金高烛商城黑夜斩白pvp2w	...商城黑夜斩白pvp2w刀萝，350出
